// Jest Snapshot v1, https://goo.gl/fbAQLP

exports[`Search renders correctly 1`] = `
<DocumentFragment>
  <label
    for="search"
  >
    <form
      class="searchForm"
    >
      <input
        class="searchInput"
        placeholder="Search..."
        type="text"
      />
      <button
        class="searchButton"
        type="submit"
      >
        Search
      </button>
    </form>
  </label>
</DocumentFragment>
`;
